\BOOKMARK [1][-]{section.1}{\376\377\000E\000s\000t\000a\000d\000o\000\040\000d\000a\000\040\000A\000r\000t\000e}{}% 1
\BOOKMARK [1][-]{section.2}{\376\377\000P\000i\000n\000e\000c\000o\000n\000e}{}% 2
\BOOKMARK [2][-]{subsection.2.1}{\376\377\000A\000r\000q\000u\000i\000t\000e\000t\000u\000r\000a\000\040\000D\000e\000s\000a\000c\000o\000p\000l\000a\000d\000a\000\040\000e\000\040\000A\000r\000m\000a\000z\000e\000n\000a\000m\000e\000n\000t\000o}{section.2}% 3
\BOOKMARK [2][-]{subsection.2.2}{\376\377\000B\000u\000s\000c\000a\000\040\000H\000\355\000b\000r\000i\000d\000a\000\040\000e\000\040\000F\000i\000l\000t\000r\000a\000g\000e\000m\000\040\000d\000e\000\040\000M\000e\000t\000a\000d\000a\000d\000o\000s\000\040\000e\000m\000\040\000E\000t\000a\000p\000a\000\040\000\332\000n\000i\000c\000a}{section.2}% 4
\BOOKMARK [1][-]{section.3}{\376\377\000M\000i\000l\000v\000u\000s}{}% 5
\BOOKMARK [2][-]{subsection.3.1}{\376\377\000D\000e\000s\000a\000c\000o\000p\000l\000a\000m\000e\000n\000t\000o\000\040\000d\000e\000\040\000A\000t\000o\000r\000e\000s\000\040\000e\000\040\000C\000i\000c\000l\000o\000\040\000d\000e\000\040\000V\000i\000d\000a\000\040\000d\000o\000s\000\040\000D\000a\000d\000o\000s}{section.3}% 6
\BOOKMARK [3][-]{subsubsection.3.1.1}{\376\377\000C\000o\000n\000s\000i\000s\000t\000\352\000n\000c\000i\000a\000\040\000D\000i\000n\000\342\000m\000i\000c\000a\000\040\000e\000\040\000S\000e\000g\000m\000e\000n\000t\000a\000\347\000\343\000o\000\040\000d\000e\000\040\000D\000a\000d\000o\000s\000\040\000S\000e\000m\000\342\000n\000t\000i\000c\000o\000s}{subsection.3.1}% 7
\BOOKMARK [1][-]{section.4}{\376\377\000p\000g\000v\000e\000c\000t\000o\000r}{}% 8
\BOOKMARK [2][-]{subsection.4.1}{\376\377\000M\000e\000c\000a\000n\000i\000s\000m\000o\000s\000\040\000d\000e\000\040\000F\000u\000n\000c\000i\000o\000n\000a\000m\000e\000n\000t\000o\000\040\000e\000\040\000I\000n\000d\000e\000x\000a\000\347\000\343\000o}{section.4}% 9
\BOOKMARK [2][-]{subsection.4.2}{\376\377\000A\000l\000g\000o\000r\000i\000t\000m\000o\000s\000\040\000d\000e\000\040\000I\000n\000d\000e\000x\000a\000\347\000\343\000o\000\040\000S\000u\000p\000o\000r\000t\000a\000d\000o\000s}{section.4}% 10
\BOOKMARK [2][-]{subsection.4.3}{\376\377\000V\000a\000n\000t\000a\000g\000e\000n\000s}{section.4}% 11
\BOOKMARK [2][-]{subsection.4.4}{\376\377\000L\000i\000m\000i\000t\000a\000\347\000\365\000e\000s\000\040\000E\000s\000t\000r\000u\000t\000u\000r\000a\000i\000s\000\040\000d\000o\000\040\000p\000g\000v\000e\000c\000t\000o\000r}{section.4}% 12
\BOOKMARK [3][-]{subsubsection.4.4.1}{\376\377\000G\000a\000r\000g\000a\000l\000o\000s\000\040\000e\000\040\000R\000e\000s\000t\000r\000i\000\347\000\365\000e\000s\000\040\000T\000\351\000c\000n\000i\000c\000a\000s}{subsection.4.4}% 13
\BOOKMARK [1][-]{section.5}{\376\377\000Q\000d\000r\000a\000n\000t}{}% 14
\BOOKMARK [2][-]{subsection.5.1}{\376\377\000E\000s\000t\000r\000u\000t\000u\000r\000a\000\040\000d\000e\000\040\000D\000a\000d\000o\000s\000\040\000B\000\341\000s\000i\000c\000a}{section.5}% 15
\BOOKMARK [2][-]{subsection.5.2}{\376\377\000M\000\351\000t\000r\000i\000c\000a\000s\000\040\000d\000e\000\040\000D\000i\000s\000t\000\342\000n\000c\000i\000a}{section.5}% 16
\BOOKMARK [2][-]{subsection.5.3}{\376\377\000O\000\040\000\315\000n\000d\000i\000c\000e\000\040\000d\000e\000\040\000B\000u\000s\000c\000a\000:\000\040\000H\000N\000S\000W}{section.5}% 17
\BOOKMARK [2][-]{subsection.5.4}{\376\377\000F\000i\000l\000t\000r\000a\000g\000e\000m\000\040\000e\000m\000\040\000E\000s\000t\000\341\000g\000i\000o\000\040\000\332\000n\000i\000c\000o}{section.5}% 18
\BOOKMARK [2][-]{subsection.5.5}{\376\377\000O\000t\000i\000m\000i\000z\000a\000\347\000\343\000o\000\040\000d\000e\000\040\000M\000e\000m\000\363\000r\000i\000a\000:\000\040\000Q\000u\000a\000n\000t\000i\000z\000a\000\347\000\343\000o}{section.5}% 19
\BOOKMARK [1][-]{section.6}{\376\377\000A\000n\000\341\000l\000i\000s\000e\000\040\000C\000o\000m\000p\000a\000r\000a\000t\000i\000v\000a}{}% 20
